// Jest Snapshot v1, https://goo.gl/fbAQLP

exports[`should render Add expense page correctly 1`] = `
<div>
  <div
    className="page-header"
  >
    <div
      className="content-container"
    >
      <h1
        className="page-header__title"
      >
        Edit Expense
      </h1>
    </div>
  </div>
  <div
    className="content-container"
  >
    <ExpenseForm
      expense={
        Object {
          "amount": 350,
          "createdAt": 1579046400000,
          "description": "Coffee",
          "id": "2",
          "note": "This is note2",
        }
      }
      onSubmit={[Function]}
      updateLabel="Update"
    />
    <button
      className="button button--secondary"
      onClick={[Function]}
    >
      Remove
    </button>
  </div>
</div>
`;
