// Jest Snapshot v1, https://goo.gl/fbAQLP

exports[`should render single expense list item 1`] = `
<Link
  className="list-item"
  to="/edit/1"
>
  <div>
    <h3
      className="list-item__title"
    >
      Rent
    </h3>
    <span
      className="list-item__sub-title"
    >
      01 Jan 2020
    </span>
  </div>
  <h3
    className="list-item__data"
  >
    Â£22.00
  </h3>
</Link>
`;
