// Jest Snapshot v1, https://goo.gl/fbAQLP

exports[`should render expense list with NO expenses 1`] = `
<div
  className="content-container"
>
  <div
    className="list-header"
  >
    <div
      className="show-for-mobile"
    >
      Expenses
    </div>
    <div
      className="show-for-desktop"
    >
      Expense
    </div>
    <div
      className="show-for-desktop"
    >
      Amount
    </div>
  </div>
  <div>
    <div
      className="list-item list-item--message"
    >
      <span>
        No expenses
      </span>
    </div>
  </div>
</div>
`;

exports[`should render expense list with expenses 1`] = `
<div
  className="content-container"
>
  <div
    className="list-header"
  >
    <div
      className="show-for-mobile"
    >
      Expenses
    </div>
    <div
      className="show-for-desktop"
    >
      Expense
    </div>
    <div
      className="show-for-desktop"
    >
      Amount
    </div>
  </div>
  <div>
    <ExpenseListItem
      expense={
        Object {
          "amount": 2200,
          "createdAt": 1577836800000,
          "description": "Rent",
          "id": "1",
          "note": "This is note1",
        }
      }
      key="0"
    />
    <ExpenseListItem
      expense={
        Object {
          "amount": 350,
          "createdAt": 1579046400000,
          "description": "Coffee",
          "id": "2",
          "note": "This is note2",
        }
      }
      key="1"
    />
    <ExpenseListItem
      expense={
        Object {
          "amount": 1350,
          "createdAt": 1577491200000,
          "description": "Water Bill",
          "id": "3",
          "note": "This is note3",
        }
      }
      key="2"
    />
    <ExpenseListItem
      expense={
        Object {
          "amount": 2350,
          "createdAt": 1578182400000,
          "description": "Gas Bill",
          "id": "4",
          "note": "This is note4",
        }
      }
      key="3"
    />
  </div>
</div>
`;
