// Jest Snapshot v1, https://goo.gl/fbAQLP

exports[`should render Login page correctly 1`] = `
<div
  className="box-layout"
>
  <div
    className="box-layout__box"
  >
    <h1
      className="box-layout__title"
    >
      Expenses App
    </h1>
    <em>
      Expenses Manager
    </em>
    <br />
    <br />
    <button
      className="button"
      onClick={[Function]}
    >
      Login with Google
    </button>
  </div>
</div>
`;
