// Jest Snapshot v1, https://goo.gl/fbAQLP

exports[`Should render Not Found Page 1`] = `
<div>
  <h1>
    404 
    <Link
      to="/"
    >
      Go Home
    </Link>
  </h1>
</div>
`;
